core_cm4.h:1667:26:__NVIC_GetPriorityGrouping	4	static
core_cm4.h:1679:22:__NVIC_EnableIRQ	16	static,ignoring_inline_asm
core_cm4.h:1809:22:__NVIC_SetPriority	16	static
core_cm4.h:1856:26:NVIC_EncodePriority	40	static
stm32l4xx_ll_usart.h:687:22:LL_USART_Enable	16	static
stm32l4xx_ll_usart.h:2804:22:LL_USART_ConfigAsyncMode	16	static
stm32l4xx_ll_usart.h:3183:26:LL_USART_IsActiveFlag_TXE	16	static
stm32l4xx_ll_usart.h:3669:22:LL_USART_EnableIT_RXNE	40	static,ignoring_inline_asm
stm32l4xx_ll_usart.h:4545:25:LL_USART_ReceiveData8	16	static
stm32l4xx_ll_usart.h:4568:22:LL_USART_TransmitData8	16	static
stm32l4xx_ll_bus.h:563:22:LL_AHB2_GRP1_EnableClock	24	static
stm32l4xx_ll_bus.h:1087:22:LL_APB1_GRP1_EnableClock	24	static
user_modbus_rs485.c:206:10:modbusCRC16	32	static
user_modbus_rs485.c:246:6:updateModbusQueryFrame	24	static
user_modbus_rs485.c:286:6:ModbusMaster_FSM	328	static
user_modbus_rs485.c:549:6:resetModbusPort	8	static
user_modbus_rs485.c:575:6:MODBUS_CharReception_Callback	8	static
user_modbus_rs485.c:607:6:UART2_Init	168	static
user_modbus_rs485.c:738:13:MB_FillSlaveRawData	24	static
user_modbus_rs485.c:798:6:MB_UpdateModbusPayload	40	static
user_modbus_rs485.c:851:6:setupModbus	40	static
